// Jest Snapshot v1, https://goo.gl/fbAQLP

exports[`babel-plugin-transform-polyfills should not try to transform the polyfills themselves 1`] = `
"function findRecursive(arr, callback, thisArg = arr, idx = 0) {
  if (idx === arr.length) {
    return undefined;
  }
  if (callback.call(thisArg, arr[idx], idx, arr)) {
    return arr[idx];
  }
  return findRecursive(arr, callback, thisArg, idx + 1);
}

export default Function.prototype.isPrototypeOf(Array.prototype.find) ? function find(arr, callback, thisArg) {
  return arr.find(callback, thisArg);
} : function find(arr, callback, thisArg) {
  return findRecursive(arr, callback, thisArg);
};"
`;

exports[`babel-plugin-transform-polyfills should replace String.prototype.padStart with a polyfill 1`] = `
"import _String_prototype_padStart from 'babel-plugin-transform-polyfills/polyfills/String/prototype/padStart';

const text = 'this is a string';
if (_String_prototype_padStart(text, 'a')) {
  console.log('success');
} else {
  console.log('failure');
}"
`;
